2026-09-21 15:56:06.750 IST [13588] LOG:  starting PostgreSQL 16.15, compiled by Visual C++ build 1944, 64-bit
2026-09-21 15:56:06.811 IST [13588] LOG:  listening on IPv6 address "::1", port 5433
2026-09-21 15:56:06.811 IST [13588] LOG:  listening on IPv4 address "127.0.0.1", port 5433
2026-09-21 15:56:06.989 IST [10560] LOG:  database system was shut down at 2026-09-21 15:56:02 IST
2026-09-21 15:56:07.039 IST [13588] LOG:  database system is ready to accept connections
2026-09-24 23:11:02.336 IST [24068] LOG:  starting PostgreSQL 16.15, compiled by Visual C++ build 1944, 64-bit
2026-09-24 23:11:02.347 IST [24068] LOG:  listening on IPv6 address "::1", port 5433
2026-09-24 23:11:02.348 IST [24068] LOG:  listening on IPv4 address "127.0.0.1", port 5433
2026-09-24 23:11:02.551 IST [8100] LOG:  database system was interrupted; last known up at 2026-09-22 11:38:46 IST
2026-09-24 23:11:10.593 IST [8100] LOG:  database system was not properly shut down; automatic recovery in progress
2026-09-24 23:11:10.604 IST [8100] LOG:  redo starts at 0/1BC4888
2026-09-24 23:11:10.605 IST [8100] LOG:  invalid record length at 0/1BC4970: expected at least 24, got 0
2026-09-24 23:11:10.605 IST [8100] LOG:  redo done at 0/1BC4938 system usage: CPU: user: 0.00 s, system: 0.00 s, elapsed: 0.00 s
2026-09-24 23:11:10.638 IST [5876] LOG:  checkpoint starting: end-of-recovery immediate wait
2026-09-24 23:11:10.671 IST [5876] LOG:  checkpoint complete: wrote 3 buffers (0.0%); 0 WAL file(s) added, 0 removed, 0 recycled; write=0.010 s, sync=0.007 s, total=0.058 s; sync files=2, longest=0.004 s, average=0.004 s; distance=0 kB, estimate=0 kB; lsn=0/1BC4970, redo lsn=0/1BC4970
2026-09-24 23:11:10.744 IST [24068] LOG:  database system is ready to accept connections
2026-09-25 15:21:09.017 IST [25088] LOG:  starting PostgreSQL 16.15, compiled by Visual C++ build 1944, 64-bit
2026-09-25 15:21:09.040 IST [25088] LOG:  listening on IPv6 address "::1", port 5433
2026-09-25 15:21:09.040 IST [25088] LOG:  listening on IPv4 address "127.0.0.1", port 5433
2026-09-25 15:21:09.163 IST [15288] LOG:  database system was interrupted; last known up at 2026-09-25 00:12:48 IST
2026-09-25 15:21:10.735 IST [15288] LOG:  database system was not properly shut down; automatic recovery in progress
2026-09-25 15:21:10.741 IST [15288] LOG:  redo starts at 0/1C4D3B8
2026-09-25 15:21:10.741 IST [15288] LOG:  invalid record length at 0/1C4D4A0: expected at least 24, got 0
2026-09-25 15:21:10.741 IST [15288] LOG:  redo done at 0/1C4D468 system usage: CPU: user: 0.00 s, system: 0.00 s, elapsed: 0.00 s
2026-09-25 15:21:10.762 IST [24368] LOG:  checkpoint starting: end-of-recovery immediate wait
2026-09-25 15:21:10.815 IST [24368] LOG:  checkpoint complete: wrote 3 buffers (0.0%); 0 WAL file(s) added, 0 removed, 0 recycled; write=0.007 s, sync=0.014 s, total=0.070 s; sync files=2, longest=0.011 s, average=0.007 s; distance=0 kB, estimate=0 kB; lsn=0/1C4D4A0, redo lsn=0/1C4D4A0
2026-09-25 15:21:10.875 IST [25088] LOG:  database system is ready to accept connections
2026-09-26 12:55:54.255 IST [10620] LOG:  starting PostgreSQL 16.15, compiled by Visual C++ build 1944, 64-bit
2026-09-26 12:55:54.276 IST [10620] LOG:  listening on IPv6 address "::1", port 5433
2026-09-26 12:55:54.276 IST [10620] LOG:  listening on IPv4 address "127.0.0.1", port 5433
2026-09-26 12:55:54.455 IST [8960] LOG:  database system was interrupted; last known up at 2026-09-26 10:40:04 IST
2026-09-26 12:55:58.941 IST [8960] LOG:  database system was not properly shut down; automatic recovery in progress
2026-09-26 12:55:58.948 IST [8960] LOG:  redo starts at 0/1FE8FE0
2026-09-26 12:55:58.949 IST [8960] LOG:  invalid record length at 0/1FE90C8: expected at least 24, got 0
2026-09-26 12:55:58.949 IST [8960] LOG:  redo done at 0/1FE9090 system usage: CPU: user: 0.00 s, system: 0.00 s, elapsed: 0.00 s
2026-09-26 12:55:58.965 IST [19668] LOG:  checkpoint starting: end-of-recovery immediate wait
2026-09-26 12:55:58.985 IST [19668] LOG:  checkpoint complete: wrote 3 buffers (0.0%); 0 WAL file(s) added, 0 removed, 0 recycled; write=0.006 s, sync=0.005 s, total=0.032 s; sync files=2, longest=0.003 s, average=0.002 s; distance=0 kB, estimate=0 kB; lsn=0/1FE90C8, redo lsn=0/1FE90C8
2026-09-26 12:55:59.059 IST [10620] LOG:  database system is ready to accept connections
2026-09-27 11:38:20.624 IST [24808] LOG:  starting PostgreSQL 16.15, compiled by Visual C++ build 1944, 64-bit
2026-09-27 11:38:20.632 IST [24808] LOG:  listening on IPv6 address "::1", port 5433
2026-09-27 11:38:20.632 IST [24808] LOG:  listening on IPv4 address "127.0.0.1", port 5433
2026-09-27 11:38:20.737 IST [10620] LOG:  database system was interrupted; last known up at 2026-09-26 19:05:01 IST
2026-09-27 11:38:24.600 IST [10620] LOG:  database system was not properly shut down; automatic recovery in progress
2026-09-27 11:38:24.605 IST [10620] LOG:  redo starts at 0/2009510
2026-09-27 11:38:24.605 IST [10620] LOG:  invalid record length at 0/20095F8: expected at least 24, got 0
2026-09-27 11:38:24.605 IST [10620] LOG:  redo done at 0/20095C0 system usage: CPU: user: 0.00 s, system: 0.00 s, elapsed: 0.00 s
2026-09-27 11:38:24.616 IST [16088] LOG:  checkpoint starting: end-of-recovery immediate wait
2026-09-27 11:38:24.650 IST [16088] LOG:  checkpoint complete: wrote 3 buffers (0.0%); 0 WAL file(s) added, 0 removed, 0 recycled; write=0.007 s, sync=0.006 s, total=0.039 s; sync files=2, longest=0.003 s, average=0.003 s; distance=0 kB, estimate=0 kB; lsn=0/20095F8, redo lsn=0/20095F8
2026-09-27 11:38:24.763 IST [24808] LOG:  database system is ready to accept connections
2026-09-27 13:07:56.234 IST [24808] LOG:  background worker "logical replication launcher" (PID 26696) was terminated by exception 0xC000013A
2026-09-27 13:07:56.234 IST [24808] HINT:  See C include file "ntstatus.h" for a description of the hexadecimal value.
2026-09-27 13:07:56.235 IST [24808] LOG:  terminating any other active server processes
2026-09-27 13:07:56.265 IST [24808] LOG:  all server processes terminated; reinitializing
^C